
> mytask@1.0.0 web
> expo start --web --port 8082

Starting project at C:\Users\ASUSTeK\OneDrive\Desktop\IG342\w3\w3\MyTask
Using src/app as the root directory for Expo Router.
React Compiler enabled
Starting Metro Bundler

Waiting on http://localhost:8082

Logs for your project will appear below.
Web Bundled 2229ms node_modules\expo-router\entry.js (1005 modules)
λ Bundled 2282ms node_modules\expo\node_modules\@expo\cli\node_modules\@expo\router-server\node\render.js (1294 modules)
λ Bundled 1439ms node_modules\expo\node_modules\@expo\cli\node_modules\@expo\router-server\node\render.js (1 module)
Web Bundled 1657ms node_modules\expo-router\entry.js (1 module)
λ Bundled 100ms node_modules\expo\node_modules\@expo\cli\node_modules\@expo\router-server\node\render.js (1 module)
Web Bundled 322ms node_modules\expo-router\entry.js (1 module)
Web Bundled 387ms node_modules\expo-router\entry.js (1112 modules)
Web  INFO  %cDownload the React DevTools for a better development experience: https://react.dev/link/react-devtools font-weight:bold
Web  LOG  Running application "main" with appParams:
 {"hydrate": undefined, "rootTag": "#root"} 
Development-level warnings: ON.
Performance optimizations: OFF.
λ Bundled 46ms node_modules\expo\node_modules\@expo\cli\node_modules\@expo\router-server\node\render.js (1 module)
Web Bundled 215ms node_modules\expo-router\entry.js (1 module)
Web Bundled 27ms node_modules\expo-router\entry.js (1 module)
Web  INFO  %cDownload the React DevTools for a better development experience: https://react.dev/link/react-devtools font-weight:bold
Web  LOG  Running application "main" with appParams:
 {"hydrate": undefined, "rootTag": "#root"} 
Development-level warnings: ON.
Performance optimizations: OFF.
